cat: /opt/samplegenerator/src_all/diagonaladdition/diagonaladdition.opts: No such file or directory
[0;34m[INFO][0m: Compiling with:
[0;34m[INFO][0m: /opt/tigress/3.1/tigress  --Environment=x86_64:Linux:Gcc:12.1             --gcc="/usr/sbin/musl-gcc -O2"              --Transform=Info --InfoKind=*        --Transform=Flatten         --Functions=init_program /opt/samplegenerator/src_all/diagonaladdition/diagonaladdition.c --out=diagonaladdition.c -o diagonaladdition 
/opt/samplegenerator/src_all/diagonaladdition/diagonaladdition.c:20: Error: Length of array is not a constant: n
Error in doStatement (Errormsg.Error)
/opt/samplegenerator/src_all/diagonaladdition/diagonaladdition.c:26: Error: Cannot resolve variable arr.
/opt/samplegenerator/src_all/diagonaladdition/diagonaladdition.c:26: Error: Expecting a pointer type in index:
 t1=TInt(int, )
t2=TInt(int, )

/opt/samplegenerator/src_all/diagonaladdition/diagonaladdition.c:26: Error: Expecting a pointer type in index:
 t1=TInt(int, )
t2=TInt(int, )

/opt/samplegenerator/src_all/diagonaladdition/diagonaladdition.c:26: Error: Expected lval for assignment. Got Const(Int64(0,int,None))
/opt/samplegenerator/src_all/diagonaladdition/diagonaladdition.c:29: Error: Cannot resolve variable arr.
/opt/samplegenerator/src_all/diagonaladdition/diagonaladdition.c:29: Error: Expecting a pointer type in index:
 t1=TInt(int, )
t2=TInt(int, )

/opt/samplegenerator/src_all/diagonaladdition/diagonaladdition.c:29: Error: Expecting a pointer type in index:
 t1=TInt(int, )
t2=TInt(int, )

/opt/samplegenerator/src_all/diagonaladdition/diagonaladdition.c:32: Error: Cannot resolve variable arr.
/opt/samplegenerator/src_all/diagonaladdition/diagonaladdition.c:32: Error: Expecting a pointer type in index:
 t1=TInt(int, )
t2=TInt(int, )

/opt/samplegenerator/src_all/diagonaladdition/diagonaladdition.c:32: Error: Expecting a pointer type in index:
 t1=TInt(int, )
t2=TInt(int, )

Error: Cabs2cil had some errors
/usr/sbin/ld: /usr/lib/musl/lib/Scrt1.o: in function `_start_c':
(.text._start_c+0x1a): undefined reference to `main'
collect2: error: ld returned 1 exit status

real	0m3.449s
user	0m0.311s
sys	0m0.088s
