cat: /opt/samplegenerator/src_all/mergesort/mergesort.opts: No such file or directory
[0;34m[INFO][0m: Compiling with:
[0;34m[INFO][0m: /opt/tigress/3.1/tigress  --Environment=x86_64:Linux:Gcc:12.1             --gcc="/usr/sbin/musl-gcc -O2"              --Transform=Info --InfoKind=*       --Transform=EncodeArithmetic        --Functions=init_program /opt/samplegenerator/src_all/mergesort/mergesort.c --out=mergesort.c -o mergesort 
digraph G {
merge -> externalFun___builtin_alloca
main -> externalFun_sscanf
main -> externalFun_exit
main -> externalFun_printf
main -> externalFun_malloc
main -> init_program
main -> mergeSort
mergeSort -> mergeSort
mergeSort -> merge

}
/opt/samplegenerator/src_all/mergesort/mergesort.c:18: Warning: Variable-sized local variable L
/opt/samplegenerator/src_all/mergesort/mergesort.c:18: Warning: Variable-sized local variable R
mergesort.c:27:12: warning: conflicting types for built-in function ‘posix_memalign’; expected ‘int(void **, long unsigned int,  long unsigned int)’ [-Wbuiltin-declaration-mismatch]
   27 | extern int posix_memalign(void **memptr , unsigned int alignment , unsigned int size ) ;
      |            ^~~~~~~~~~~~~~
mergesort.c:31:21: warning: conflicting types for built-in function ‘strlen’; expected ‘long unsigned int(const char *)’ [-Wbuiltin-declaration-mismatch]
   31 | extern unsigned int strlen(char const   *s ) ;
      |                     ^~~~~~
mergesort.c:1:1: note: ‘strlen’ is declared in header ‘<string.h>’
  +++ |+#include <string.h>
    1 | /* Generated by CIL v. 1.7.3 */
mergesort.c:34:12: warning: conflicting types for built-in function ‘strncmp’; expected ‘int(const char *, const char *, long unsigned int)’ [-Wbuiltin-declaration-mismatch]
   34 | extern int strncmp(char const   *s1 , char const   *s2 , unsigned int maxlen ) ;
      |            ^~~~~~~
mergesort.c:34:12: note: ‘strncmp’ is declared in header ‘<string.h>’
mergesort.c:67:14: warning: conflicting types for built-in function ‘memcpy’; expected ‘void *(void *, const void *, long unsigned int)’ [-Wbuiltin-declaration-mismatch]
   67 | extern void *memcpy(void *s1 , void const   *s2 , unsigned int size ) ;
      |              ^~~~~~
mergesort.c:67:14: note: ‘memcpy’ is declared in header ‘<string.h>’
mergesort.c:101:21: warning: conflicting types for built-in function ‘strnlen’; expected ‘long unsigned int(const char *, long unsigned int)’ [-Wbuiltin-declaration-mismatch]
  101 | extern unsigned int strnlen(char const   *s , unsigned int maxlen ) ;
      |                     ^~~~~~~
mergesort.c:126:12: warning: conflicting types for built-in function ‘snprintf’; expected ‘int(char *, long unsigned int,  const char *, ...)’ [-Wbuiltin-declaration-mismatch]
  126 | extern int snprintf(char *str , unsigned int size , char const   *format  , ...) ;
      |            ^~~~~~~~
mergesort.c:1:1: note: ‘snprintf’ is declared in header ‘<stdio.h>’
  +++ |+#include <stdio.h>
    1 | /* Generated by CIL v. 1.7.3 */

real	0m3.769s
user	0m0.376s
sys	0m0.096s
