cat: /opt/samplegenerator/src_all/selectionsort_file/selectionsort_file.opts: No such file or directory
[0;34m[INFO][0m: Compiling with:
[0;34m[INFO][0m: /opt/tigress/3.1/tigress  --Environment=x86_64:Linux:Gcc:12.1             --gcc="/usr/sbin/musl-gcc -O1"              --Transform=Info --InfoKind=*       --Transform=EncodeArithmetic        --Functions=init_program /opt/samplegenerator/src_all/selectionsort_file/selectionsort_file.c --out=selectionsort_file.c -o selectionsort_file 
digraph G {
selectionSort -> swap
main -> externalFun_printf
main -> externalFun_malloc
main -> externalFun_fclose
main -> externalFun_feof
main -> externalFun_fscanf
main -> externalFun_fopen
main -> externalFun_fprintf
main -> externalFun_strncpy
main -> externalFun_exit
main -> init_program
main -> selectionSort

}
selectionsort_file.c:20:12: warning: conflicting types for built-in function ‘posix_memalign’; expected ‘int(void **, long unsigned int,  long unsigned int)’ [-Wbuiltin-declaration-mismatch]
   20 | extern int posix_memalign(void **memptr , unsigned int alignment , unsigned int size ) ;
      |            ^~~~~~~~~~~~~~
selectionsort_file.c:25:21: warning: conflicting types for built-in function ‘strlen’; expected ‘long unsigned int(const char *)’ [-Wbuiltin-declaration-mismatch]
   25 | extern unsigned int strlen(char const   *s ) ;
      |                     ^~~~~~
selectionsort_file.c:1:1: note: ‘strlen’ is declared in header ‘<string.h>’
  +++ |+#include <string.h>
    1 | /* Generated by CIL v. 1.7.3 */
selectionsort_file.c:28:12: warning: conflicting types for built-in function ‘strncmp’; expected ‘int(const char *, const char *, long unsigned int)’ [-Wbuiltin-declaration-mismatch]
   28 | extern int strncmp(char const   *s1 , char const   *s2 , unsigned int maxlen ) ;
      |            ^~~~~~~
selectionsort_file.c:28:12: note: ‘strncmp’ is declared in header ‘<string.h>’
selectionsort_file.c:60:14: warning: conflicting types for built-in function ‘memcpy’; expected ‘void *(void *, const void *, long unsigned int)’ [-Wbuiltin-declaration-mismatch]
   60 | extern void *memcpy(void *s1 , void const   *s2 , unsigned int size ) ;
      |              ^~~~~~
selectionsort_file.c:60:14: note: ‘memcpy’ is declared in header ‘<string.h>’
selectionsort_file.c:107:21: warning: conflicting types for built-in function ‘strnlen’; expected ‘long unsigned int(const char *, long unsigned int)’ [-Wbuiltin-declaration-mismatch]
  107 | extern unsigned int strnlen(char const   *s , unsigned int maxlen ) ;
      |                     ^~~~~~~
selectionsort_file.c:126:12: warning: conflicting types for built-in function ‘snprintf’; expected ‘int(char *, long unsigned int,  const char *, ...)’ [-Wbuiltin-declaration-mismatch]
  126 | extern int snprintf(char *str , unsigned int size , char const   *format  , ...) ;
      |            ^~~~~~~~
selectionsort_file.c:1:1: note: ‘snprintf’ is declared in header ‘<stdio.h>’
  +++ |+#include <stdio.h>
    1 | /* Generated by CIL v. 1.7.3 */

real	0m3.636s
user	0m0.317s
sys	0m0.114s
