cat: /opt/samplegenerator/src_all/insertionsort_file/insertionsort_file.opts: No such file or directory
[0;34m[INFO][0m: Compiling with:
[0;34m[INFO][0m: /opt/tigress/3.1/tigress  --Environment=x86_64:Linux:Gcc:12.1             --gcc="/usr/sbin/musl-gcc -O2"              --Transform=Info --InfoKind=*       --Transform=Jit        --Functions=init_program /opt/samplegenerator/src_all/insertionsort_file/insertionsort_file.c --out=insertionsort_file.c -o insertionsort_file 
digraph G {
main -> externalFun_printf
main -> externalFun_malloc
main -> externalFun_fclose
main -> externalFun_feof
main -> externalFun_fscanf
main -> externalFun_fopen
main -> externalFun_fprintf
main -> externalFun_strncpy
main -> externalFun_exit
main -> init_program
main -> insertionSort

}

[[Tigress]] <<ERROR: Internal error>> The MyJit library was not loaded.

real	0m2.729s
user	0m0.247s
sys	0m0.076s
