cat: /opt/samplegenerator/src_all/quicksort_file/quicksort_file.opts: No such file or directory
[0;34m[INFO][0m: Compiling with:
[0;34m[INFO][0m: /opt/tigress/3.1/tigress  --Environment=x86_64:Linux:Gcc:12.1             --gcc="/usr/sbin/musl-gcc -O2"              --Transform=Info --InfoKind=*  	  --Transform=Split         --SplitKinds=deep,block,top         --SplitCount=100         --Functions=init_program /opt/samplegenerator/src_all/quicksort_file/quicksort_file.c --out=quicksort_file.c -o quicksort_file 
digraph G {
partition -> swap
quickSort -> partition
quickSort -> quickSort
main -> externalFun_printf
main -> externalFun_malloc
main -> externalFun_fclose
main -> externalFun_feof
main -> externalFun_fscanf
main -> externalFun_fopen
main -> externalFun_fprintf
main -> externalFun_strncpy
main -> externalFun_exit
main -> init_program
main -> quickSort

}
quicksort_file.c:28:12: warning: conflicting types for built-in function ‘posix_memalign’; expected ‘int(void **, long unsigned int,  long unsigned int)’ [-Wbuiltin-declaration-mismatch]
   28 | extern int posix_memalign(void **memptr , unsigned int alignment , unsigned int size ) ;
      |            ^~~~~~~~~~~~~~
quicksort_file.c:34:21: warning: conflicting types for built-in function ‘strlen’; expected ‘long unsigned int(const char *)’ [-Wbuiltin-declaration-mismatch]
   34 | extern unsigned int strlen(char const   *s ) ;
      |                     ^~~~~~
quicksort_file.c:1:1: note: ‘strlen’ is declared in header ‘<string.h>’
  +++ |+#include <string.h>
    1 | /* Generated by CIL v. 1.7.3 */
quicksort_file.c:41:12: warning: conflicting types for built-in function ‘strncmp’; expected ‘int(const char *, const char *, long unsigned int)’ [-Wbuiltin-declaration-mismatch]
   41 | extern int strncmp(char const   *s1 , char const   *s2 , unsigned int maxlen ) ;
      |            ^~~~~~~
quicksort_file.c:41:12: note: ‘strncmp’ is declared in header ‘<string.h>’
quicksort_file.c:78:14: warning: conflicting types for built-in function ‘memcpy’; expected ‘void *(void *, const void *, long unsigned int)’ [-Wbuiltin-declaration-mismatch]
   78 | extern void *memcpy(void *s1 , void const   *s2 , unsigned int size ) ;
      |              ^~~~~~
quicksort_file.c:78:14: note: ‘memcpy’ is declared in header ‘<string.h>’
quicksort_file.c:111:21: warning: conflicting types for built-in function ‘strnlen’; expected ‘long unsigned int(const char *, long unsigned int)’ [-Wbuiltin-declaration-mismatch]
  111 | extern unsigned int strnlen(char const   *s , unsigned int maxlen ) ;
      |                     ^~~~~~~
quicksort_file.c:127:12: warning: conflicting types for built-in function ‘snprintf’; expected ‘int(char *, long unsigned int,  const char *, ...)’ [-Wbuiltin-declaration-mismatch]
  127 | extern int snprintf(char *str , unsigned int size , char const   *format  , ...) ;
      |            ^~~~~~~~
quicksort_file.c:1:1: note: ‘snprintf’ is declared in header ‘<stdio.h>’
  +++ |+#include <stdio.h>
    1 | /* Generated by CIL v. 1.7.3 */

real	0m3.737s
user	0m0.384s
sys	0m0.089s
