cat: /opt/samplegenerator/src_all/pjwhash_file/pjwhash_file.opts: No such file or directory
[0;34m[INFO][0m: Compiling with:
[0;34m[INFO][0m: /opt/tigress/3.1/tigress  --Environment=x86_64:Linux:Gcc:12.1             --gcc="/usr/sbin/musl-gcc -O3"              --Transform=Info --InfoKind=*       --Transform=Jit        --Functions=init_program /opt/samplegenerator/src_all/pjwhash_file/pjwhash_file.c --out=pjwhash_file.c -o pjwhash_file 
digraph G {
main -> externalFun_printf
main -> externalFun_strlen
main -> externalFun_fclose
main -> externalFun_fread
main -> externalFun_malloc
main -> externalFun_ftell
main -> externalFun_fseek
main -> externalFun_fopen
main -> externalFun_fprintf
main -> externalFun_strncpy
main -> externalFun_exit
main -> init_program
main -> PJWHash

}

[[Tigress]] <<ERROR: Internal error>> The MyJit library was not loaded.

real	0m2.746s
user	0m0.258s
sys	0m0.072s
