cat: /opt/samplegenerator/src_all/binary2octal/binary2octal.opts: No such file or directory
[0;34m[INFO][0m: Compiling with:
[0;34m[INFO][0m: /opt/tigress/3.1/tigress  --Environment=x86_64:Linux:Gcc:12.1             --gcc="/usr/sbin/musl-gcc -O3"              --Transform=Info --InfoKind=*       --Transform=Virtualize        --VirtualizeDispatch=direct        --Functions=init_program /opt/samplegenerator/src_all/binary2octal/binary2octal.c --out=binary2octal.c -o binary2octal 
digraph G {
convert_to_octal -> externalFun_pow
main -> externalFun_printf
main -> externalFun_atof
main -> init_program
main -> convert_to_octal

}
binary2octal.c:21:12: warning: conflicting types for built-in function ‘posix_memalign’; expected ‘int(void **, long unsigned int,  long unsigned int)’ [-Wbuiltin-declaration-mismatch]
   21 | extern int posix_memalign(void **memptr , unsigned int alignment , unsigned int size ) ;
      |            ^~~~~~~~~~~~~~
binary2octal.c:25:21: warning: conflicting types for built-in function ‘strlen’; expected ‘long unsigned int(const char *)’ [-Wbuiltin-declaration-mismatch]
   25 | extern unsigned int strlen(char const   *s ) ;
      |                     ^~~~~~
binary2octal.c:1:1: note: ‘strlen’ is declared in header ‘<string.h>’
  +++ |+#include <string.h>
    1 | /* Generated by CIL v. 1.7.3 */
binary2octal.c:30:12: warning: conflicting types for built-in function ‘strncmp’; expected ‘int(const char *, const char *, long unsigned int)’ [-Wbuiltin-declaration-mismatch]
   30 | extern int strncmp(char const   *s1 , char const   *s2 , unsigned int maxlen ) ;
      |            ^~~~~~~
binary2octal.c:30:12: note: ‘strncmp’ is declared in header ‘<string.h>’
binary2octal.c:56:14: warning: conflicting types for built-in function ‘memcpy’; expected ‘void *(void *, const void *, long unsigned int)’ [-Wbuiltin-declaration-mismatch]
   56 | extern void *memcpy(void *s1 , void const   *s2 , unsigned int size ) ;
      |              ^~~~~~
binary2octal.c:56:14: note: ‘memcpy’ is declared in header ‘<string.h>’
binary2octal.c:111:21: warning: conflicting types for built-in function ‘strnlen’; expected ‘long unsigned int(const char *, long unsigned int)’ [-Wbuiltin-declaration-mismatch]
  111 | extern unsigned int strnlen(char const   *s , unsigned int maxlen ) ;
      |                     ^~~~~~~
binary2octal.c:126:12: warning: conflicting types for built-in function ‘snprintf’; expected ‘int(char *, long unsigned int,  const char *, ...)’ [-Wbuiltin-declaration-mismatch]
  126 | extern int snprintf(char *str , unsigned int size , char const   *format  , ...) ;
      |            ^~~~~~~~
binary2octal.c:1:1: note: ‘snprintf’ is declared in header ‘<stdio.h>’
  +++ |+#include <stdio.h>
    1 | /* Generated by CIL v. 1.7.3 */
binary2octal.c:127:14: warning: conflicting types for built-in function ‘malloc’; expected ‘void *(long unsigned int)’ [-Wbuiltin-declaration-mismatch]
  127 | extern void *malloc(unsigned int size ) ;
      |              ^~~~~~
binary2octal.c:1:1: note: ‘malloc’ is declared in header ‘<stdlib.h>’
  +++ |+#include <stdlib.h>
    1 | /* Generated by CIL v. 1.7.3 */

real	0m3.628s
user	0m0.352s
sys	0m0.086s
