cat: /opt/samplegenerator/src_all/volumesphere/volumesphere.opts: No such file or directory
[0;34m[INFO][0m: Compiling with:
[0;34m[INFO][0m: /opt/tigress/3.1/tigress  --Environment=x86_64:Linux:Gcc:12.1             --gcc="/usr/sbin/musl-gcc -O3"              --Transform=Info --InfoKind=*       --Transform=Virtualize        --VirtualizeDispatch=direct        --Functions=init_program /opt/samplegenerator/src_all/volumesphere/volumesphere.c --out=volumesphere.c -o volumesphere 
digraph G {
main -> externalFun_printf
main -> externalFun_atof
main -> init_program
main -> volume_sphere
volume_sphere -> externalFun_pow

}
volumesphere.c:21:12: warning: conflicting types for built-in function ‘posix_memalign’; expected ‘int(void **, long unsigned int,  long unsigned int)’ [-Wbuiltin-declaration-mismatch]
   21 | extern int posix_memalign(void **memptr , unsigned int alignment , unsigned int size ) ;
      |            ^~~~~~~~~~~~~~
volumesphere.c:25:21: warning: conflicting types for built-in function ‘strlen’; expected ‘long unsigned int(const char *)’ [-Wbuiltin-declaration-mismatch]
   25 | extern unsigned int strlen(char const   *s ) ;
      |                     ^~~~~~
volumesphere.c:1:1: note: ‘strlen’ is declared in header ‘<string.h>’
  +++ |+#include <string.h>
    1 | /* Generated by CIL v. 1.7.3 */
volumesphere.c:30:12: warning: conflicting types for built-in function ‘strncmp’; expected ‘int(const char *, const char *, long unsigned int)’ [-Wbuiltin-declaration-mismatch]
   30 | extern int strncmp(char const   *s1 , char const   *s2 , unsigned int maxlen ) ;
      |            ^~~~~~~
volumesphere.c:30:12: note: ‘strncmp’ is declared in header ‘<string.h>’
volumesphere.c:56:14: warning: conflicting types for built-in function ‘memcpy’; expected ‘void *(void *, const void *, long unsigned int)’ [-Wbuiltin-declaration-mismatch]
   56 | extern void *memcpy(void *s1 , void const   *s2 , unsigned int size ) ;
      |              ^~~~~~
volumesphere.c:56:14: note: ‘memcpy’ is declared in header ‘<string.h>’
volumesphere.c:112:21: warning: conflicting types for built-in function ‘strnlen’; expected ‘long unsigned int(const char *, long unsigned int)’ [-Wbuiltin-declaration-mismatch]
  112 | extern unsigned int strnlen(char const   *s , unsigned int maxlen ) ;
      |                     ^~~~~~~
volumesphere.c:127:12: warning: conflicting types for built-in function ‘snprintf’; expected ‘int(char *, long unsigned int,  const char *, ...)’ [-Wbuiltin-declaration-mismatch]
  127 | extern int snprintf(char *str , unsigned int size , char const   *format  , ...) ;
      |            ^~~~~~~~
volumesphere.c:1:1: note: ‘snprintf’ is declared in header ‘<stdio.h>’
  +++ |+#include <stdio.h>
    1 | /* Generated by CIL v. 1.7.3 */
volumesphere.c:128:14: warning: conflicting types for built-in function ‘malloc’; expected ‘void *(long unsigned int)’ [-Wbuiltin-declaration-mismatch]
  128 | extern void *malloc(unsigned int size ) ;
      |              ^~~~~~
volumesphere.c:1:1: note: ‘malloc’ is declared in header ‘<stdlib.h>’
  +++ |+#include <stdlib.h>
    1 | /* Generated by CIL v. 1.7.3 */

real	0m1.109s
user	0m0.310s
sys	0m0.101s
