cat: /opt/samplegenerator/src_all/bkdrhash/bkdrhash.opts: No such file or directory
[0;34m[INFO][0m: Compiling with:
[0;34m[INFO][0m: /opt/tigress/3.1/tigress  --Environment=x86_64:Linux:Gcc:12.1             --gcc="/usr/sbin/musl-gcc -O3"              --Transform=Info --InfoKind=*     --Transform=InitEntropy         --Functions=init_program         --InitEntropyKinds=vars      --Transform=InitOpaque         --Functions=init_program         --InitOpaqueStructs=list,array,env       --Transform=InitBranchFuns         --InitBranchFunsCount=1      --Transform=AddOpaque         --Functions=init_program         --AddOpaqueStructs=list         --AddOpaqueKinds=true      --Transform=AntiBranchAnalysis        --Functions=init_program        --AntiBranchAnalysisKinds=branchFuns        --AntiBranchAnalysisObfuscateBranchFunCall=false        --AntiBranchAnalysisBranchFunFlatten=true      --Transform=EncodeArithmetic         --Functions=init_program /opt/samplegenerator/src_all/bkdrhash/bkdrhash.c --out=bkdrhash.c -o bkdrhash 
digraph G {
main -> externalFun_printf
main -> externalFun_strlen
main -> init_program
main -> BKDRHash

}
bkdrhash.c:20:12: warning: conflicting types for built-in function ‘posix_memalign’; expected ‘int(void **, long unsigned int,  long unsigned int)’ [-Wbuiltin-declaration-mismatch]
   20 | extern int posix_memalign(void **memptr , unsigned int alignment , unsigned int size ) ;
      |            ^~~~~~~~~~~~~~
bkdrhash.c:34:12: warning: conflicting types for built-in function ‘strncmp’; expected ‘int(const char *, const char *, long unsigned int)’ [-Wbuiltin-declaration-mismatch]
   34 | extern int strncmp(char const   *s1 , char const   *s2 , unsigned int maxlen ) ;
      |            ^~~~~~~
bkdrhash.c:1:1: note: ‘strncmp’ is declared in header ‘<string.h>’
  +++ |+#include <string.h>
    1 | /* Generated by CIL v. 1.7.3 */
bkdrhash.c:67:14: warning: conflicting types for built-in function ‘memcpy’; expected ‘void *(void *, const void *, long unsigned int)’ [-Wbuiltin-declaration-mismatch]
   67 | extern void *memcpy(void *s1 , void const   *s2 , unsigned int size ) ;
      |              ^~~~~~
bkdrhash.c:67:14: note: ‘memcpy’ is declared in header ‘<string.h>’
bkdrhash.c:122:21: warning: conflicting types for built-in function ‘strnlen’; expected ‘long unsigned int(const char *, long unsigned int)’ [-Wbuiltin-declaration-mismatch]
  122 | extern unsigned int strnlen(char const   *s , unsigned int maxlen ) ;
      |                     ^~~~~~~
bkdrhash.c:147:12: warning: conflicting types for built-in function ‘snprintf’; expected ‘int(char *, long unsigned int,  const char *, ...)’ [-Wbuiltin-declaration-mismatch]
  147 | extern int snprintf(char *str , unsigned int size , char const   *format  , ...) ;
      |            ^~~~~~~~
bkdrhash.c:1:1: note: ‘snprintf’ is declared in header ‘<stdio.h>’
  +++ |+#include <stdio.h>
    1 | /* Generated by CIL v. 1.7.3 */
bkdrhash.c:148:14: warning: conflicting types for built-in function ‘malloc’; expected ‘void *(long unsigned int)’ [-Wbuiltin-declaration-mismatch]
  148 | extern void *malloc(unsigned int size ) ;
      |              ^~~~~~
bkdrhash.c:1:1: note: ‘malloc’ is declared in header ‘<stdlib.h>’
  +++ |+#include <stdlib.h>
    1 | /* Generated by CIL v. 1.7.3 */

real	0m3.754s
user	0m0.365s
sys	0m0.091s
