cat: /opt/samplegenerator/src_all/octal2hex/octal2hex.opts: No such file or directory
[0;34m[INFO][0m: Compiling with:
[0;34m[INFO][0m: /opt/tigress/3.1/tigress  --Environment=x86_64:Linux:Gcc:12.1             --gcc="/usr/sbin/musl-gcc -O1"              --Transform=Info --InfoKind=*       --Transform=Jit        --Functions=init_program /opt/samplegenerator/src_all/octal2hex/octal2hex.c --out=octal2hex.c -o octal2hex 
digraph G {
octalToDecimal -> externalFun_pow
octalToHexadecimal -> externalFun_sprintf
octalToHexadecimal -> externalFun_malloc
octalToHexadecimal -> octalToDecimal
main -> externalFun_printf
main -> externalFun_atof
main -> init_program
main -> calc
calc -> externalFun_free
calc -> externalFun_strtol
calc -> externalFun_printf
calc -> octalToHexadecimal

}

[[Tigress]] <<ERROR: Internal error>> The MyJit library was not loaded.

real	0m2.733s
user	0m0.266s
sys	0m0.071s
