[0;34m[INFO][0m: Compiling with:
[0;34m[INFO][0m: /opt/tigress/3.1/tigress  --Environment=x86_64:Linux:Gcc:12.1             --gcc="/usr/sbin/musl-gcc -O2"              --Transform=Info --InfoKind=*       --Transform=EncodeLiterals        --Functions=init_program /opt/samplegenerator/src_all/dgaramdo/dgaramdo.c --out=dgaramdo.c -o dgaramdo 
digraph G {
joinChr -> externalFun_strcat
joinChr -> externalFun_malloc
joinChr -> chr
llist_print_direct -> externalFun_putchar
llist_print_direct -> externalFun_printf
get_nextdomain -> generate_domain
get_nextdomain -> llist_append
get_nextdomain -> llist_getLast
llist_SetIndex -> externalFun_fprintf
generate_domain -> externalFun_strcpy
generate_domain -> externalFun_strcat
generate_domain -> ord
generate_domain -> chr
llist_create -> externalFun_malloc
llist_getIndex -> externalFun_fprintf
chr -> externalFun_malloc
init -> externalFun_strcpy
init -> llist_create
llist_append -> externalFun_malloc
llist_append -> externalFun_fprintf
llist_free -> externalFun_free
main -> externalFun_strcmp
main -> externalFun_printf
main -> externalFun_atof
main -> init_program
main -> init
main -> get_nextdomain
main -> llist_free
llist_getLast -> externalFun_fprintf

}
dgaramdo.c:24:12: warning: conflicting types for built-in function ‘posix_memalign’; expected ‘int(void **, long unsigned int,  long unsigned int)’ [-Wbuiltin-declaration-mismatch]
   24 | extern int posix_memalign(void **memptr , unsigned int alignment , unsigned int size ) ;
      |            ^~~~~~~~~~~~~~
dgaramdo.c:28:21: warning: conflicting types for built-in function ‘strlen’; expected ‘long unsigned int(const char *)’ [-Wbuiltin-declaration-mismatch]
   28 | extern unsigned int strlen(char const   *s ) ;
      |                     ^~~~~~
dgaramdo.c:1:1: note: ‘strlen’ is declared in header ‘<string.h>’
  +++ |+#include <string.h>
    1 | /* Generated by CIL v. 1.7.3 */
dgaramdo.c:35:12: warning: conflicting types for built-in function ‘strncmp’; expected ‘int(const char *, const char *, long unsigned int)’ [-Wbuiltin-declaration-mismatch]
   35 | extern int strncmp(char const   *s1 , char const   *s2 , unsigned int maxlen ) ;
      |            ^~~~~~~
dgaramdo.c:35:12: note: ‘strncmp’ is declared in header ‘<string.h>’
dgaramdo.c:66:14: warning: conflicting types for built-in function ‘memcpy’; expected ‘void *(void *, const void *, long unsigned int)’ [-Wbuiltin-declaration-mismatch]
   66 | extern void *memcpy(void *s1 , void const   *s2 , unsigned int size ) ;
      |              ^~~~~~
dgaramdo.c:66:14: note: ‘memcpy’ is declared in header ‘<string.h>’
dgaramdo.c:121:21: warning: conflicting types for built-in function ‘strnlen’; expected ‘long unsigned int(const char *, long unsigned int)’ [-Wbuiltin-declaration-mismatch]
  121 | extern unsigned int strnlen(char const   *s , unsigned int maxlen ) ;
      |                     ^~~~~~~
dgaramdo.c:148:12: warning: conflicting types for built-in function ‘snprintf’; expected ‘int(char *, long unsigned int,  const char *, ...)’ [-Wbuiltin-declaration-mismatch]
  148 | extern int snprintf(char *str , unsigned int size , char const   *format  , ...) ;
      |            ^~~~~~~~
dgaramdo.c:1:1: note: ‘snprintf’ is declared in header ‘<stdio.h>’
  +++ |+#include <stdio.h>
    1 | /* Generated by CIL v. 1.7.3 */

real	0m3.760s
user	0m0.456s
sys	0m0.065s
