[0;34m[INFO][0m: Compiling with:
[0;34m[INFO][0m: /opt/tigress/3.1/tigress  --Environment=x86_64:Linux:Gcc:12.1             --gcc="/usr/sbin/musl-gcc -O2"              --Transform=Info --InfoKind=*       --Transform=Jit        --Functions=init_program /opt/samplegenerator/src_all/dgaramdo/dgaramdo.c --out=dgaramdo.c -o dgaramdo 
digraph G {
joinChr -> externalFun_strcat
joinChr -> externalFun_malloc
joinChr -> chr
llist_print_direct -> externalFun_putchar
llist_print_direct -> externalFun_printf
get_nextdomain -> generate_domain
get_nextdomain -> llist_append
get_nextdomain -> llist_getLast
llist_SetIndex -> externalFun_fprintf
generate_domain -> externalFun_strcpy
generate_domain -> externalFun_strcat
generate_domain -> ord
generate_domain -> chr
llist_create -> externalFun_malloc
llist_getIndex -> externalFun_fprintf
chr -> externalFun_malloc
init -> externalFun_strcpy
init -> llist_create
llist_append -> externalFun_malloc
llist_append -> externalFun_fprintf
llist_free -> externalFun_free
main -> externalFun_strcmp
main -> externalFun_printf
main -> externalFun_atof
main -> init_program
main -> init
main -> get_nextdomain
main -> llist_free
llist_getLast -> externalFun_fprintf

}

[[Tigress]] <<ERROR: Internal error>> The MyJit library was not loaded.

real	0m2.745s
user	0m0.271s
sys	0m0.073s
