cat: /opt/samplegenerator/src_all/fnvhash_file/fnvhash_file.opts: No such file or directory
[0;34m[INFO][0m: Compiling with:
[0;34m[INFO][0m: /opt/tigress/3.1/tigress  --Environment=x86_64:Linux:Gcc:12.1             --gcc="/usr/sbin/musl-gcc -O1"              --Transform=Info --InfoKind=*  	  --Transform=Split         --SplitKinds=deep,block,top         --SplitCount=100         --Functions=init_program /opt/samplegenerator/src_all/fnvhash_file/fnvhash_file.c --out=fnvhash_file.c -o fnvhash_file 
digraph G {
main -> externalFun_printf
main -> externalFun_strlen
main -> externalFun_fclose
main -> externalFun_fread
main -> externalFun_malloc
main -> externalFun_ftell
main -> externalFun_fseek
main -> externalFun_fopen
main -> externalFun_fprintf
main -> externalFun_strncpy
main -> externalFun_exit
main -> init_program
main -> FNVHash

}
fnvhash_file.c:20:12: warning: conflicting types for built-in function ‘posix_memalign’; expected ‘int(void **, long unsigned int,  long unsigned int)’ [-Wbuiltin-declaration-mismatch]
   20 | extern int posix_memalign(void **memptr , unsigned int alignment , unsigned int size ) ;
      |            ^~~~~~~~~~~~~~
fnvhash_file.c:30:12: warning: conflicting types for built-in function ‘strncmp’; expected ‘int(const char *, const char *, long unsigned int)’ [-Wbuiltin-declaration-mismatch]
   30 | extern int strncmp(char const   *s1 , char const   *s2 , unsigned int maxlen ) ;
      |            ^~~~~~~
fnvhash_file.c:1:1: note: ‘strncmp’ is declared in header ‘<string.h>’
  +++ |+#include <string.h>
    1 | /* Generated by CIL v. 1.7.3 */
fnvhash_file.c:60:14: warning: conflicting types for built-in function ‘memcpy’; expected ‘void *(void *, const void *, long unsigned int)’ [-Wbuiltin-declaration-mismatch]
   60 | extern void *memcpy(void *s1 , void const   *s2 , unsigned int size ) ;
      |              ^~~~~~
fnvhash_file.c:60:14: note: ‘memcpy’ is declared in header ‘<string.h>’
fnvhash_file.c:100:21: warning: conflicting types for built-in function ‘strnlen’; expected ‘long unsigned int(const char *, long unsigned int)’ [-Wbuiltin-declaration-mismatch]
  100 | extern unsigned int strnlen(char const   *s , unsigned int maxlen ) ;
      |                     ^~~~~~~
fnvhash_file.c:116:12: warning: conflicting types for built-in function ‘snprintf’; expected ‘int(char *, long unsigned int,  const char *, ...)’ [-Wbuiltin-declaration-mismatch]
  116 | extern int snprintf(char *str , unsigned int size , char const   *format  , ...) ;
      |            ^~~~~~~~
fnvhash_file.c:1:1: note: ‘snprintf’ is declared in header ‘<stdio.h>’
  +++ |+#include <stdio.h>
    1 | /* Generated by CIL v. 1.7.3 */

real	0m3.426s
user	0m0.330s
sys	0m0.091s
