cat: /opt/samplegenerator/src_all/insertionsort/insertionsort.opts: No such file or directory
[0;34m[INFO][0m: Compiling with:
[0;34m[INFO][0m: /opt/tigress/3.1/tigress  --Environment=x86_64:Linux:Gcc:12.1             --gcc="/usr/sbin/musl-gcc -O1"              --Transform=Info --InfoKind=*  	  --Transform=Split         --SplitKinds=deep,block,top         --SplitCount=100         --Functions=init_program /opt/samplegenerator/src_all/insertionsort/insertionsort.c --out=insertionsort.c -o insertionsort 
digraph G {
main -> externalFun_sscanf
main -> externalFun_exit
main -> externalFun_printf
main -> externalFun_malloc
main -> init_program
main -> insertionSort

}
insertionsort.c:19:12: warning: conflicting types for built-in function ‘posix_memalign’; expected ‘int(void **, long unsigned int,  long unsigned int)’ [-Wbuiltin-declaration-mismatch]
   19 | extern int posix_memalign(void **memptr , unsigned int alignment , unsigned int size ) ;
      |            ^~~~~~~~~~~~~~
insertionsort.c:24:21: warning: conflicting types for built-in function ‘strlen’; expected ‘long unsigned int(const char *)’ [-Wbuiltin-declaration-mismatch]
   24 | extern unsigned int strlen(char const   *s ) ;
      |                     ^~~~~~
insertionsort.c:1:1: note: ‘strlen’ is declared in header ‘<string.h>’
  +++ |+#include <string.h>
    1 | /* Generated by CIL v. 1.7.3 */
insertionsort.c:26:12: warning: conflicting types for built-in function ‘strncmp’; expected ‘int(const char *, const char *, long unsigned int)’ [-Wbuiltin-declaration-mismatch]
   26 | extern int strncmp(char const   *s1 , char const   *s2 , unsigned int maxlen ) ;
      |            ^~~~~~~
insertionsort.c:26:12: note: ‘strncmp’ is declared in header ‘<string.h>’
insertionsort.c:56:14: warning: conflicting types for built-in function ‘memcpy’; expected ‘void *(void *, const void *, long unsigned int)’ [-Wbuiltin-declaration-mismatch]
   56 | extern void *memcpy(void *s1 , void const   *s2 , unsigned int size ) ;
      |              ^~~~~~
insertionsort.c:56:14: note: ‘memcpy’ is declared in header ‘<string.h>’
insertionsort.c:97:21: warning: conflicting types for built-in function ‘strnlen’; expected ‘long unsigned int(const char *, long unsigned int)’ [-Wbuiltin-declaration-mismatch]
   97 | extern unsigned int strnlen(char const   *s , unsigned int maxlen ) ;
      |                     ^~~~~~~
insertionsort.c:114:12: warning: conflicting types for built-in function ‘snprintf’; expected ‘int(char *, long unsigned int,  const char *, ...)’ [-Wbuiltin-declaration-mismatch]
  114 | extern int snprintf(char *str , unsigned int size , char const   *format  , ...) ;
      |            ^~~~~~~~
insertionsort.c:1:1: note: ‘snprintf’ is declared in header ‘<stdio.h>’
  +++ |+#include <stdio.h>
    1 | /* Generated by CIL v. 1.7.3 */

real	0m3.572s
user	0m0.296s
sys	0m0.125s
