cat: /opt/samplegenerator/src_all/bucketsort/bucketsort.opts: No such file or directory
[0;34m[INFO][0m: Compiling with:
[0;34m[INFO][0m: /opt/tigress/3.1/tigress  --Environment=x86_64:Linux:Gcc:12.1             --gcc="/usr/sbin/musl-gcc -O3"              --Transform=Info --InfoKind=*       --Transform=Jit        --Functions=init_program /opt/samplegenerator/src_all/bucketsort/bucketsort.c --out=bucketsort.c -o bucketsort 
digraph G {
print_buckets -> externalFun_printf
bucket_sort -> externalFun_printf
bucket_sort -> externalFun_malloc
bucket_sort -> get_bucket_index
bucket_sort -> print_buckets
bucket_sort -> insertion_sort
print -> externalFun_printf
main -> externalFun_sscanf
main -> externalFun_exit
main -> externalFun_printf
main -> externalFun_malloc
main -> init_program
main -> bucket_sort

}

[[Tigress]] <<ERROR: Internal error>> The MyJit library was not loaded.

real	0m2.809s
user	0m0.271s
sys	0m0.060s
