cat: /opt/samplegenerator/src_all/quicksort_file/quicksort_file.opts: No such file or directory
[0;34m[INFO][0m: Compiling with:
[0;34m[INFO][0m: /opt/tigress/3.1/tigress  --Environment=x86_64:Linux:Gcc:12.1             --gcc="/usr/sbin/musl-gcc -O3"              --Transform=Info --InfoKind=*       --Transform=Jit        --Functions=init_program /opt/samplegenerator/src_all/quicksort_file/quicksort_file.c --out=quicksort_file.c -o quicksort_file 
digraph G {
partition -> swap
quickSort -> partition
quickSort -> quickSort
main -> externalFun_printf
main -> externalFun_malloc
main -> externalFun_fclose
main -> externalFun_feof
main -> externalFun_fscanf
main -> externalFun_fopen
main -> externalFun_fprintf
main -> externalFun_strncpy
main -> externalFun_exit
main -> init_program
main -> quickSort

}

[[Tigress]] <<ERROR: Internal error>> The MyJit library was not loaded.

real	0m2.628s
user	0m0.246s
sys	0m0.085s
