cat: /opt/samplegenerator/src_all/hex2decimal/hex2decimal.opts: No such file or directory
[0;34m[INFO][0m: Compiling with:
[0;34m[INFO][0m: /opt/tigress/3.1/tigress  --Environment=x86_64:Linux:Gcc:12.1             --gcc="/usr/sbin/musl-gcc -O3"              --Transform=Info --InfoKind=*        --Transform=Flatten         --Functions=init_program /opt/samplegenerator/src_all/hex2decimal/hex2decimal.c --out=hex2decimal.c -o hex2decimal 
digraph G {
hex_decimal -> externalFun_pow
main -> externalFun_printf
main -> init_program
main -> hex_decimal

}
hex2decimal.c:20:12: warning: conflicting types for built-in function ‘posix_memalign’; expected ‘int(void **, long unsigned int,  long unsigned int)’ [-Wbuiltin-declaration-mismatch]
   20 | extern int posix_memalign(void **memptr , unsigned int alignment , unsigned int size ) ;
      |            ^~~~~~~~~~~~~~
hex2decimal.c:33:21: warning: conflicting types for built-in function ‘strlen’; expected ‘long unsigned int(const char *)’ [-Wbuiltin-declaration-mismatch]
   33 | extern unsigned int strlen(char const   *s ) ;
      |                     ^~~~~~
hex2decimal.c:1:1: note: ‘strlen’ is declared in header ‘<string.h>’
  +++ |+#include <string.h>
    1 | /* Generated by CIL v. 1.7.3 */
hex2decimal.c:35:12: warning: conflicting types for built-in function ‘strncmp’; expected ‘int(const char *, const char *, long unsigned int)’ [-Wbuiltin-declaration-mismatch]
   35 | extern int strncmp(char const   *s1 , char const   *s2 , unsigned int maxlen ) ;
      |            ^~~~~~~
hex2decimal.c:35:12: note: ‘strncmp’ is declared in header ‘<string.h>’
hex2decimal.c:67:14: warning: conflicting types for built-in function ‘memcpy’; expected ‘void *(void *, const void *, long unsigned int)’ [-Wbuiltin-declaration-mismatch]
   67 | extern void *memcpy(void *s1 , void const   *s2 , unsigned int size ) ;
      |              ^~~~~~
hex2decimal.c:67:14: note: ‘memcpy’ is declared in header ‘<string.h>’
hex2decimal.c:108:21: warning: conflicting types for built-in function ‘strnlen’; expected ‘long unsigned int(const char *, long unsigned int)’ [-Wbuiltin-declaration-mismatch]
  108 | extern unsigned int strnlen(char const   *s , unsigned int maxlen ) ;
      |                     ^~~~~~~
hex2decimal.c:123:14: warning: conflicting types for built-in function ‘malloc’; expected ‘void *(long unsigned int)’ [-Wbuiltin-declaration-mismatch]
  123 | extern void *malloc(unsigned int size ) ;
      |              ^~~~~~
hex2decimal.c:1:1: note: ‘malloc’ is declared in header ‘<stdlib.h>’
  +++ |+#include <stdlib.h>
    1 | /* Generated by CIL v. 1.7.3 */
hex2decimal.c:125:12: warning: conflicting types for built-in function ‘snprintf’; expected ‘int(char *, long unsigned int,  const char *, ...)’ [-Wbuiltin-declaration-mismatch]
  125 | extern int snprintf(char *str , unsigned int size , char const   *format  , ...) ;
      |            ^~~~~~~~
hex2decimal.c:1:1: note: ‘snprintf’ is declared in header ‘<stdio.h>’
  +++ |+#include <stdio.h>
    1 | /* Generated by CIL v. 1.7.3 */

real	0m3.623s
user	0m0.347s
sys	0m0.085s
