cat: /opt/samplegenerator/src_all/md5hash/md5hash.opts: No such file or directory
[0;34m[INFO][0m: Compiling with:
[0;34m[INFO][0m: /opt/tigress/3.1/tigress  --Environment=x86_64:Linux:Gcc:12.1             --gcc="/usr/sbin/musl-gcc -O0"              --Transform=Info --InfoKind=*     --Transform=InitEntropy         --Functions=init_program         --InitEntropyKinds=vars      --Transform=InitOpaque         --Functions=init_program         --InitOpaqueStructs=list,array,env       --Transform=InitBranchFuns         --InitBranchFunsCount=1      --Transform=AddOpaque         --Functions=init_program         --AddOpaqueStructs=list         --AddOpaqueKinds=true      --Transform=AntiBranchAnalysis        --Functions=init_program        --AntiBranchAnalysisKinds=branchFuns        --AntiBranchAnalysisObfuscateBranchFunCall=false        --AntiBranchAnalysisBranchFunFlatten=true      --Transform=EncodeArithmetic         --Functions=init_program /opt/samplegenerator/src_all/md5hash/md5hash.c --out=md5hash.c -o md5hash 
digraph G {
md5String -> externalFun_memcpy
md5String -> externalFun_strlen
md5String -> md5Init
md5String -> md5Update
md5String -> md5Finalize
md5File -> externalFun_memcpy
md5File -> externalFun_free
md5File -> externalFun_fread
md5File -> externalFun_malloc
md5File -> md5Init
md5File -> md5Update
md5File -> md5Finalize
md5Finalize -> md5Update
md5Finalize -> md5Step
md5Update -> md5Step
print_hash -> externalFun_printf
md5Step -> rotateLeft
main -> externalFun_printf
main -> init_program
main -> md5String
main -> print_hash
main -> compare_hash

}
md5hash.c:22:12: warning: conflicting types for built-in function ‘posix_memalign’; expected ‘int(void **, long unsigned int,  long unsigned int)’ [-Wbuiltin-declaration-mismatch]
   22 | extern int posix_memalign(void **memptr , unsigned int alignment , unsigned int size ) ;
      |            ^~~~~~~~~~~~~~
md5hash.c:38:12: warning: conflicting types for built-in function ‘strncmp’; expected ‘int(const char *, const char *, long unsigned int)’ [-Wbuiltin-declaration-mismatch]
   38 | extern int strncmp(char const   *s1 , char const   *s2 , unsigned int maxlen ) ;
      |            ^~~~~~~
md5hash.c:1:1: note: ‘strncmp’ is declared in header ‘<string.h>’
  +++ |+#include <string.h>
    1 | /* Generated by CIL v. 1.7.3 */
md5hash.c:149:21: warning: conflicting types for built-in function ‘strnlen’; expected ‘long unsigned int(const char *, long unsigned int)’ [-Wbuiltin-declaration-mismatch]
  149 | extern unsigned int strnlen(char const   *s , unsigned int maxlen ) ;
      |                     ^~~~~~~
md5hash.c:170:12: warning: conflicting types for built-in function ‘snprintf’; expected ‘int(char *, long unsigned int,  const char *, ...)’ [-Wbuiltin-declaration-mismatch]
  170 | extern int snprintf(char *str , unsigned int size , char const   *format  , ...) ;
      |            ^~~~~~~~
md5hash.c:1:1: note: ‘snprintf’ is declared in header ‘<stdio.h>’
  +++ |+#include <stdio.h>
    1 | /* Generated by CIL v. 1.7.3 */

real	0m3.680s
user	0m0.393s
sys	0m0.072s
