cat: /opt/samplegenerator/src_all/anagram/anagram.opts: No such file or directory
[0;34m[INFO][0m: Compiling with:
[0;34m[INFO][0m: /opt/tigress/3.1/tigress  --Environment=x86_64:Linux:Gcc:12.1             --gcc="/usr/sbin/musl-gcc -O0"              --Transform=Info --InfoKind=*     --Transform=InitEntropy         --Functions=init_program         --InitEntropyKinds=vars      --Transform=InitOpaque         --Functions=init_program         --InitOpaqueStructs=list,array,env       --Transform=InitBranchFuns         --InitBranchFunsCount=1      --Transform=AddOpaque         --Functions=init_program         --AddOpaqueStructs=list         --AddOpaqueKinds=true      --Transform=AntiBranchAnalysis        --Functions=init_program        --AntiBranchAnalysisKinds=branchFuns        --AntiBranchAnalysisObfuscateBranchFunCall=false        --AntiBranchAnalysisBranchFunFlatten=true      --Transform=EncodeArithmetic         --Functions=init_program /opt/samplegenerator/src_all/anagram/anagram.c --out=anagram.c -o anagram 
digraph G {
checkAnagram -> externalFun_strtol
checkAnagram -> externalFun_strcmp
checkAnagram -> externalFun_strlen
main -> externalFun_printf
main -> externalFun_free
main -> externalFun_memcpy
main -> externalFun_malloc
main -> externalFun_strlen
main -> init_program
main -> checkAnagram

}
anagram.c:20:12: warning: conflicting types for built-in function ‘posix_memalign’; expected ‘int(void **, long unsigned int,  long unsigned int)’ [-Wbuiltin-declaration-mismatch]
   20 | extern int posix_memalign(void **memptr , unsigned int alignment , unsigned int size ) ;
      |            ^~~~~~~~~~~~~~
anagram.c:37:12: warning: conflicting types for built-in function ‘strncmp’; expected ‘int(const char *, const char *, long unsigned int)’ [-Wbuiltin-declaration-mismatch]
   37 | extern int strncmp(char const   *s1 , char const   *s2 , unsigned int maxlen ) ;
      |            ^~~~~~~
anagram.c:1:1: note: ‘strncmp’ is declared in header ‘<string.h>’
  +++ |+#include <string.h>
    1 | /* Generated by CIL v. 1.7.3 */
anagram.c:124:21: warning: conflicting types for built-in function ‘strnlen’; expected ‘long unsigned int(const char *, long unsigned int)’ [-Wbuiltin-declaration-mismatch]
  124 | extern unsigned int strnlen(char const   *s , unsigned int maxlen ) ;
      |                     ^~~~~~~
anagram.c:145:12: warning: conflicting types for built-in function ‘snprintf’; expected ‘int(char *, long unsigned int,  const char *, ...)’ [-Wbuiltin-declaration-mismatch]
  145 | extern int snprintf(char *str , unsigned int size , char const   *format  , ...) ;
      |            ^~~~~~~~
anagram.c:1:1: note: ‘snprintf’ is declared in header ‘<stdio.h>’
  +++ |+#include <stdio.h>
    1 | /* Generated by CIL v. 1.7.3 */

real	0m3.586s
user	0m0.328s
sys	0m0.108s
