cat: /opt/samplegenerator/src_all/volumesphere/volumesphere.opts: No such file or directory
[0;34m[INFO][0m: Compiling with:
[0;34m[INFO][0m: /opt/tigress/3.1/tigress  --Environment=x86_64:Linux:Gcc:12.1             --gcc="/usr/sbin/musl-gcc -O0"              --Transform=Info --InfoKind=*     --Transform=InitEntropy         --Functions=init_program         --InitEntropyKinds=vars      --Transform=InitOpaque         --Functions=init_program         --InitOpaqueStructs=list,array,env       --Transform=InitBranchFuns         --InitBranchFunsCount=1      --Transform=AddOpaque         --Functions=init_program         --AddOpaqueStructs=list         --AddOpaqueKinds=true      --Transform=AntiBranchAnalysis        --Functions=init_program        --AntiBranchAnalysisKinds=branchFuns        --AntiBranchAnalysisObfuscateBranchFunCall=false        --AntiBranchAnalysisBranchFunFlatten=true      --Transform=EncodeArithmetic         --Functions=init_program /opt/samplegenerator/src_all/volumesphere/volumesphere.c --out=volumesphere.c -o volumesphere 
digraph G {
main -> externalFun_printf
main -> externalFun_atof
main -> init_program
main -> volume_sphere
volume_sphere -> externalFun_pow

}
volumesphere.c:20:12: warning: conflicting types for built-in function ‘posix_memalign’; expected ‘int(void **, long unsigned int,  long unsigned int)’ [-Wbuiltin-declaration-mismatch]
   20 | extern int posix_memalign(void **memptr , unsigned int alignment , unsigned int size ) ;
      |            ^~~~~~~~~~~~~~
volumesphere.c:30:21: warning: conflicting types for built-in function ‘strlen’; expected ‘long unsigned int(const char *)’ [-Wbuiltin-declaration-mismatch]
   30 | extern unsigned int strlen(char const   *s ) ;
      |                     ^~~~~~
volumesphere.c:1:1: note: ‘strlen’ is declared in header ‘<string.h>’
  +++ |+#include <string.h>
    1 | /* Generated by CIL v. 1.7.3 */
volumesphere.c:33:12: warning: conflicting types for built-in function ‘strncmp’; expected ‘int(const char *, const char *, long unsigned int)’ [-Wbuiltin-declaration-mismatch]
   33 | extern int strncmp(char const   *s1 , char const   *s2 , unsigned int maxlen ) ;
      |            ^~~~~~~
volumesphere.c:33:12: note: ‘strncmp’ is declared in header ‘<string.h>’
volumesphere.c:63:14: warning: conflicting types for built-in function ‘memcpy’; expected ‘void *(void *, const void *, long unsigned int)’ [-Wbuiltin-declaration-mismatch]
   63 | extern void *memcpy(void *s1 , void const   *s2 , unsigned int size ) ;
      |              ^~~~~~
volumesphere.c:63:14: note: ‘memcpy’ is declared in header ‘<string.h>’
volumesphere.c:119:21: warning: conflicting types for built-in function ‘strnlen’; expected ‘long unsigned int(const char *, long unsigned int)’ [-Wbuiltin-declaration-mismatch]
  119 | extern unsigned int strnlen(char const   *s , unsigned int maxlen ) ;
      |                     ^~~~~~~
volumesphere.c:135:12: warning: conflicting types for built-in function ‘snprintf’; expected ‘int(char *, long unsigned int,  const char *, ...)’ [-Wbuiltin-declaration-mismatch]
  135 | extern int snprintf(char *str , unsigned int size , char const   *format  , ...) ;
      |            ^~~~~~~~
volumesphere.c:1:1: note: ‘snprintf’ is declared in header ‘<stdio.h>’
  +++ |+#include <stdio.h>
    1 | /* Generated by CIL v. 1.7.3 */
volumesphere.c:137:14: warning: conflicting types for built-in function ‘malloc’; expected ‘void *(long unsigned int)’ [-Wbuiltin-declaration-mismatch]
  137 | extern void *malloc(unsigned int size ) ;
      |              ^~~~~~
volumesphere.c:1:1: note: ‘malloc’ is declared in header ‘<stdlib.h>’
  +++ |+#include <stdlib.h>
    1 | /* Generated by CIL v. 1.7.3 */

real	0m1.104s
user	0m0.335s
sys	0m0.090s
